// Jest Snapshot v1, https://goo.gl/fbAQLP

exports[`SearchBands Renders correctly 1`] = `
Object {
  "asFragment": [Function],
  "baseElement": <body>
    <div>
      <div>
        <div
          class="sc-fznZeY crAIIR"
        >
          <form>
            <div
              class="sc-fznKkj iRpFma"
            >
              <strong>
                Band name
              </strong>
              <input
                id="name"
                name="name"
                placeholder="Band name"
                type="text"
                value=""
              />
            </div>
            <div
              class="sc-fznKkj iRpFma"
            >
              <strong>
                Band genre
              </strong>
              <input
                id="genre"
                name="genre"
                placeholder="Band genre"
                type="text"
                value=""
              />
            </div>
            <div
              class="sc-fznKkj iRpFma"
            >
              <strong>
                Band formation from
              </strong>
              <input
                id="formationfrom"
                name="formationFrom"
                placeholder="Band formation from"
                type="text"
                value=""
              />
            </div>
            <div
              class="sc-fznKkj iRpFma"
            >
              <strong>
                Band formation to
              </strong>
              <input
                id="formationto"
                name="formationTo"
                placeholder="Band formation to"
                type="text"
                value=""
              />
            </div>
            <button
              id="submit-search"
              type="submit"
            >
              Search
            </button>
          </form>
        </div>
        <div
          class="sc-AxirZ enylqG"
        >
          <div
            class="sc-fznyAO ePjXxu"
          >
            <div
              class=""
              style="width: 33.333333333333336%;"
            >
              <div>
                <div
                  class="sc-fzplWN hDAGEZ"
                >
                  <a
                    href="/band/1"
                    id="band-info-link"
                  >
                    <h2>
                      testii
                    </h2>
                  </a>
                  <img
                    alt="band"
                    class="sc-AxiKw hPbuBq"
                    src="/images/band/10.jpg"
                  />
                  <strong>
                    finland
                  </strong>
                  <p>
                    thrash metal
                  </p>
                </div>
              </div>
            </div>
          </div>
        </div>
      </div>
    </div>
  </body>,
  "container": <div>
    <div>
      <div
        class="sc-fznZeY crAIIR"
      >
        <form>
          <div
            class="sc-fznKkj iRpFma"
          >
            <strong>
              Band name
            </strong>
            <input
              id="name"
              name="name"
              placeholder="Band name"
              type="text"
              value=""
            />
          </div>
          <div
            class="sc-fznKkj iRpFma"
          >
            <strong>
              Band genre
            </strong>
            <input
              id="genre"
              name="genre"
              placeholder="Band genre"
              type="text"
              value=""
            />
          </div>
          <div
            class="sc-fznKkj iRpFma"
          >
            <strong>
              Band formation from
            </strong>
            <input
              id="formationfrom"
              name="formationFrom"
              placeholder="Band formation from"
              type="text"
              value=""
            />
          </div>
          <div
            class="sc-fznKkj iRpFma"
          >
            <strong>
              Band formation to
            </strong>
            <input
              id="formationto"
              name="formationTo"
              placeholder="Band formation to"
              type="text"
              value=""
            />
          </div>
          <button
            id="submit-search"
            type="submit"
          >
            Search
          </button>
        </form>
      </div>
      <div
        class="sc-AxirZ enylqG"
      >
        <div
          class="sc-fznyAO ePjXxu"
        >
          <div
            class=""
            style="width: 33.333333333333336%;"
          >
            <div>
              <div
                class="sc-fzplWN hDAGEZ"
              >
                <a
                  href="/band/1"
                  id="band-info-link"
                >
                  <h2>
                    testii
                  </h2>
                </a>
                <img
                  alt="band"
                  class="sc-AxiKw hPbuBq"
                  src="/images/band/10.jpg"
                />
                <strong>
                  finland
                </strong>
                <p>
                  thrash metal
                </p>
              </div>
            </div>
          </div>
        </div>
      </div>
    </div>
  </div>,
  "debug": [Function],
  "findAllByAltText": [Function],
  "findAllByDisplayValue": [Function],
  "findAllByLabelText": [Function],
  "findAllByPlaceholderText": [Function],
  "findAllByRole": [Function],
  "findAllByTestId": [Function],
  "findAllByText": [Function],
  "findAllByTitle": [Function],
  "findByAltText": [Function],
  "findByDisplayValue": [Function],
  "findByLabelText": [Function],
  "findByPlaceholderText": [Function],
  "findByRole": [Function],
  "findByTestId": [Function],
  "findByText": [Function],
  "findByTitle": [Function],
  "getAllByAltText": [Function],
  "getAllByDisplayValue": [Function],
  "getAllByLabelText": [Function],
  "getAllByPlaceholderText": [Function],
  "getAllByRole": [Function],
  "getAllByTestId": [Function],
  "getAllByText": [Function],
  "getAllByTitle": [Function],
  "getByAltText": [Function],
  "getByDisplayValue": [Function],
  "getByLabelText": [Function],
  "getByPlaceholderText": [Function],
  "getByRole": [Function],
  "getByTestId": [Function],
  "getByText": [Function],
  "getByTitle": [Function],
  "queryAllByAltText": [Function],
  "queryAllByDisplayValue": [Function],
  "queryAllByLabelText": [Function],
  "queryAllByPlaceholderText": [Function],
  "queryAllByRole": [Function],
  "queryAllByTestId": [Function],
  "queryAllByText": [Function],
  "queryAllByTitle": [Function],
  "queryByAltText": [Function],
  "queryByDisplayValue": [Function],
  "queryByLabelText": [Function],
  "queryByPlaceholderText": [Function],
  "queryByRole": [Function],
  "queryByTestId": [Function],
  "queryByText": [Function],
  "queryByTitle": [Function],
  "rerender": [Function],
  "unmount": [Function],
}
`;
